#-----------------------------------------------------------
# Vivado v2024.1 (64-bit)
# SW Build 5076996 on Wed May 22 18:37:14 MDT 2024
# IP Build 5075265 on Wed May 22 21:45:21 MDT 2024
# SharedData Build 5076995 on Wed May 22 18:29:18 MDT 2024
# Start of session at: Mon Dec  9 05:17:59 2024
# Process ID: 4888
# Current directory: C:/Users/pongp/Desktop/project
# Command line: vivado.exe -gui_launcher_event rodinguilauncherevent5744 C:\Users\pongp\Desktop\project\project_2.xpr
# Log file: C:/Users/pongp/Desktop/project/vivado.log
# Journal file: C:/Users/pongp/Desktop/project\vivado.jou
# Running On        :DESKTOP-HEPM84F
# Platform          :Windows Server 2016 or Windows 10
# Operating System  :19045
# Processor Detail  :Intel(R) Core(TM) i5-6300HQ CPU @ 2.30GHz
# CPU Frequency     :2304 MHz
# CPU Physical cores:4
# CPU Logical cores :4
# Host memory       :12557 MB
# Swap memory       :1946 MB
# Total Virtual     :14503 MB
# Available Virtual :7009 MB
#-----------------------------------------------------------
start_gui
open_project C:/Users/pongp/Desktop/project/project_2.xpr
update_compile_order -fileset sources_1
open_hw_manager
connect_hw_server -allow_non_jtag
open_hw_target
set_property PROGRAM.FILE {C:/Users/pongp/Desktop/project/project_2.runs/impl_1/top.bit} [get_hw_devices xc7a35t_0]
current_hw_device [get_hw_devices xc7a35t_0]
refresh_hw_device -update_hw_probes false [lindex [get_hw_devices xc7a35t_0] 0]
close_hw_target {localhost:3121/xilinx_tcf/Digilent/210183AA1417A}
open_hw_target {localhost:3121/xilinx_tcf/Digilent/210183AA141CA}
set_property PROGRAM.FILE {C:/Users/pongp/Desktop/project/project_2.runs/impl_1/top.bit} [get_hw_devices xc7a35t_0_1]
current_hw_device [get_hw_devices xc7a35t_0_1]
refresh_hw_device -update_hw_probes false [lindex [get_hw_devices xc7a35t_0_1] 0]
set_property PROBES.FILE {} [get_hw_devices xc7a35t_0_1]
set_property FULL_PROBES.FILE {} [get_hw_devices xc7a35t_0_1]
set_property PROGRAM.FILE {C:/Users/pongp/Desktop/project/project_2.runs/impl_1/top.bit} [get_hw_devices xc7a35t_0_1]
program_hw_devices [get_hw_devices xc7a35t_0_1]
refresh_hw_device [lindex [get_hw_devices xc7a35t_0_1] 0]
close_hw_target {localhost:3121/xilinx_tcf/Digilent/210183AA141CA}
open_hw_target {localhost:3121/xilinx_tcf/Digilent/210183AA1417A}
set_property PROGRAM.FILE {C:/Users/pongp/Desktop/project/project_2.runs/impl_1/top.bit} [get_hw_devices xc7a35t_0]
current_hw_device [get_hw_devices xc7a35t_0]
refresh_hw_device -update_hw_probes false [lindex [get_hw_devices xc7a35t_0] 0]
set_property PROBES.FILE {} [get_hw_devices xc7a35t_0]
set_property FULL_PROBES.FILE {} [get_hw_devices xc7a35t_0]
set_property PROGRAM.FILE {C:/Users/pongp/Desktop/project/project_2.runs/impl_1/top.bit} [get_hw_devices xc7a35t_0]
program_hw_devices [get_hw_devices xc7a35t_0]
refresh_hw_device [lindex [get_hw_devices xc7a35t_0] 0]
close_hw_manager
